// Jest Snapshot v1, https://goo.gl/fbAQLP

exports[`renders correctly 1`] = `
<section
  className="calculator-container"
>
  <h1
    className="calculator-title"
  >
    Lets do
    <br />
    some math!
  </h1>
  <div
    className="calculator"
  >
    <div
      className="calculator-display"
    >
      <p />
    </div>
    <div
      className="calculator-keys"
    >
      <button
        className="btn btn-up"
        onClick={[Function]}
        type="button"
      >
        AC
      </button>
      <button
        className="btn btn-up"
        onClick={[Function]}
        type="button"
      >
        +/-
      </button>
      <button
        className="btn btn-up"
        onClick={[Function]}
        type="button"
      >
        %
      </button>
      <button
        className="btn btn-orange "
        onClick={[Function]}
        type="button"
      >
        รท
      </button>
      <button
        className="btn"
        onClick={[Function]}
        type="button"
      >
        7
      </button>
      <button
        className="btn"
        onClick={[Function]}
        type="button"
      >
        8
      </button>
      <button
        className="btn"
        onClick={[Function]}
        type="button"
      >
        9
      </button>
      <button
        className="btn btn-orange"
        onClick={[Function]}
        type="button"
      >
        x
      </button>
      <button
        className="btn"
        onClick={[Function]}
        type="button"
      >
        4
      </button>
      <button
        className="btn"
        onClick={[Function]}
        type="button"
      >
        5
      </button>
      <button
        className="btn"
        onClick={[Function]}
        type="button"
      >
        6
      </button>
      <button
        className="btn btn-orange"
        onClick={[Function]}
        type="button"
      >
        -
      </button>
      <button
        className="btn"
        onClick={[Function]}
        type="button"
      >
        1
      </button>
      <button
        className="btn"
        onClick={[Function]}
        type="button"
      >
        2
      </button>
      <button
        className="btn"
        onClick={[Function]}
        type="button"
      >
        3
      </button>
      <button
        className="btn btn-orange"
        onClick={[Function]}
        type="button"
      >
        +
      </button>
      <button
        className="btn btn-zero"
        onClick={[Function]}
        type="button"
      >
        0
      </button>
      <button
        className="btn"
        onClick={[Function]}
        type="button"
      >
        .
      </button>
      <button
        className="btn btn-orange"
        onClick={[Function]}
        type="button"
      >
        =
      </button>
    </div>
  </div>
</section>
`;
