// Jest Snapshot v1, https://goo.gl/fbAQLP

exports[`renders correctly 1`] = `
<section
  className="quote-container"
>
  <div>
    <h2>
      Pure mathematics is, in its way, the poetry of logical ideas.
    </h2>
    <span
      className="quote-author"
    >
      Albert Einstein
    </span>
  </div>
</section>
`;
